// Jest Snapshot v1, https://goo.gl/fbAQLP

exports[`Conference should render and initialize the conference interface 1`] = `
<DocumentFragment>
  <div
    id="jitsiMeet"
    style="position: absolute; height: 288px; width: 384px; display: flex; align-items: center; justify-content: center; background: rgb(71, 71, 71); bottom: 8px; right: 8px; z-index: 1100;"
  />
  <div
    style="position: absolute; height: 288px; width: 384px; background: rgba(0, 0, 0, 0.467); bottom: 8px; right: 8px; align-items: center; justify-content: center; display: flex; z-index: 1200; font-size: 48px; opacity: 0.85; color: white;"
  >
    <i
      class="fa fa-spinner fa-fw fa-pulse spinner"
    />
  </div>
  <div
    style="position: absolute; bottom: 270px; right: 10px; color: white; font-size: 18px; cursor: pointer; opacity: 0.85; z-index: 1200;"
  >
    <i
      aria-label="Move up"
      class="icon icon-arrow-left"
      style="transform: rotate(90deg); display: inline-block;"
      title="Move up"
    />
    <i
      aria-label="Maximize"
      class="icon icon-arrow-expand"
      title="Maximize"
    />
    <a
      href="http://test-meeting-link/test#config.callDisplayName=%22Test%20topic%22"
      rel="noopener noreferrer"
      style="color: white;"
      target="_blank"
    >
      <i
        aria-label="Open in new tab"
        class="icon icon-arrow-left"
        style="transform: rotate(135deg); display: inline-block;"
        title="Open in new tab"
      />
    </a>
    <i
      aria-label="Close"
      class="icon icon-close"
      title="Close"
    />
  </div>
</DocumentFragment>
`;
